<html>
<body>
<pre>
<h1>µVision Build Log</h1>
<h2>Tool Versions:</h2>
IDE-Version: ¦ÌVision V5.36.0.0
Copyright (C) 2021 ARM Ltd and ARM Germany GmbH. All rights reserved.
License Information: ice l, ice, LIC=32B1Q-N3HKE-NNIAF-665P2-BLK29-X3CG7
 
Tool Versions:
Toolchain:       MDK-ARM Plus  Version: 5.36.0.0
Toolchain Path:  E:\mdk\exe\ARM\ARMCC\Bin
C Compiler:      Armcc.exe V5.06 update 7 (build 960)
Assembler:       Armasm.exe V5.06 update 7 (build 960)
Linker/Locator:  ArmLink.exe V5.06 update 7 (build 960)
Library Manager: ArmAr.exe V5.06 update 7 (build 960)
Hex Converter:   FromElf.exe V5.06 update 7 (build 960)
CPU DLL:         SARMCM3.DLL V5.36.0.0
Dialog DLL:      DCM.DLL V1.17.3.0
Target DLL:      CMSIS_AGDI.dll V1.33.0.0
Dialog DLL:      TCM.DLL V1.53.0.0
 
<h2>Project:</h2>
D:\TechnologyReference\lvgl_examples\mdk\lvgl_gui_demo.uvprojx
Project File Date:  09/12/2022

<h2>Output:</h2>
*** Using Compiler 'V5.06 update 7 (build 960)', folder: 'E:\mdk\exe\ARM\ARMCC\Bin'
Rebuild target 'lvgl_demo flexspi_nor_debug'
compiling clock_config.c...
compiling fsl_pxp.c...
compiling fsl_elcdif.c...
compiling fsl_common.c...
compiling board.c...
compiling pin_mux.c...
compiling lvgl_demo.c...
assembling startup_MIMXRT1052.s...
compiling fsl_clock.c...
compiling system_MIMXRT1052.c...
compiling fsl_lpi2c.c...
compiling fsl_pit.c...
compiling fsl_gpio.c...
compiling fsl_io.c...
compiling evkbimxrt1050_sdram_ini_dcd.c...
compiling fsl_lpuart.c...
compiling lv_disp.c...
compiling lv_event.c...
..\lvgl\src\core\lv_event.c(120): warning:  #188-D: enumerated type mixed with another type
      return e->code & ~LV_EVENT_PREPROCESS;
..\lvgl\src\core\lv_event.c: 1 warning, 0 errors
compiling lv_group.c...
compiling lv_indev.c...
compiling lv_indev_scroll.c...
compiling lv_obj.c...
compiling lv_obj_class.c...
compiling lv_obj_draw.c...
..\lvgl\src\core\lv_obj_draw.c(400): warning:  #188-D: enumerated type mixed with another type
      if(obj->spec_attr) return obj->spec_attr->layer_type;
..\lvgl\src\core\lv_obj_draw.c: 1 warning, 0 errors
compiling lv_obj_pos.c...
compiling lv_obj_scroll.c...
compiling lv_obj_style.c...
compiling lv_obj_style_gen.c...
compiling lv_obj_tree.c...
compiling lv_refr.c...
compiling lv_theme.c...
compiling lv_draw.c...
compiling lv_draw_arc.c...
compiling lv_draw_img.c...
compiling lv_draw_label.c...
compiling lv_draw_layer.c...
compiling lv_draw_line.c...
compiling fsl_log.c...
compiling lv_draw_rect.c...
compiling lv_draw_transform.c...
compiling lv_draw_mask.c...
compiling evkbimxrt1050_flexspi_nor_config.c...
compiling fsl_assert.c...
compiling lv_draw_triangle.c...
compiling fsl_flexspi_nor_boot.c...
compiling lv_img_decoder.c...
compiling lv_img_cache.c...
compiling lv_gpu_arm2d.c...
compiling lv_draw_pxp_blend.c...
compiling lv_img_buf.c...
compiling lv_gpu_nxp_pxp_osa.c...
compiling lv_draw_vglite_blend.c...
compiling lv_draw_vglite_rect.c...
compiling lv_gpu_nxp_pxp.c...
compiling lv_draw_vglite_arc.c...
compiling lv_gpu_nxp.c...
compiling lv_gpu_stm32_dma2d.c...
compiling fsl_str.c...
compiling lv_draw_sw.c...
compiling fsl_debug_console.c...
compiling lv_draw_sw_arc.c...
compiling lv_gpu_nxp_vglite.c...
compiling lv_draw_sw_dither.c...
compiling lv_draw_sw_gradient.c...
compiling lv_draw_sw_layer.c...
compiling lv_draw_sw_img.c...
compiling lv_draw_sw_letter.c...
compiling lv_draw_sw_blend.c...
compiling lv_draw_sw_line.c...
compiling lv_draw_sw_polygon.c...
compiling lv_bmp.c...
compiling lv_ffmpeg.c...
compiling lv_draw_sw_transform.c...
compiling lv_flex.c...
compiling lv_gpu_swm341_dma2d.c...
compiling lv_grid.c...
..\lvgl\src\extra\layouts\grid\lv_grid.c(591): warning:  #188-D: enumerated type mixed with another type
      lv_grid_align_t col_align = get_cell_col_align(item);
..\lvgl\src\extra\layouts\grid\lv_grid.c(592): warning:  #188-D: enumerated type mixed with another type
      lv_grid_align_t row_align = get_cell_row_align(item);
..\lvgl\src\extra\layouts\grid\lv_grid.c: 2 warnings, 0 errors
compiling lv_draw_sw_rect.c...
..\lvgl\src\draw\sw\lv_draw_sw_rect.c(238): warning:  #546-D: transfer of control bypasses initialization of:
            variable "mask_any_center"  (declared at line 285)
          goto bg_clean_up;
          ^
..\lvgl\src\draw\sw\lv_draw_sw_rect.c: 1 warning, 0 errors
compiling lv_fs_posix.c...
compiling gifdec.c...
compiling lv_fs_stdio.c...
compiling lv_freetype.c...
compiling lv_fs_fatfs.c...
compiling lv_fs_win32.c...
compiling lv_gif.c...
compiling tjpgd.c...
compiling lodepng.c...
compiling lv_png.c...
compiling lv_fragment.c...
compiling lv_qrcode.c...
compiling lv_sjpg.c...
compiling lv_rlottie.c...
compiling lv_fragment_manager.c...
compiling qrcodegen.c...
..\lvgl\src\extra\libs\qrcode\qrcodegen.c(278): warning:  #188-D: enumerated type mixed with another type
  	applyMask(tempBuffer, qrcode, mask);
..\lvgl\src\extra\libs\qrcode\qrcodegen.c(279): warning:  #188-D: enumerated type mixed with another type
  	drawFormatBits(ecl, mask, qrcode);
..\lvgl\src\extra\libs\qrcode\qrcodegen.c: 2 warnings, 0 errors
compiling lv_theme_basic.c...
compiling lv_snapshot.c...
compiling lv_ime_pinyin.c...
compiling lv_imgfont.c...
compiling lv_msg.c...
compiling lv_monkey.c...
compiling lv_gridnav.c...
compiling lv_theme_mono.c...
compiling lv_calendar_header_dropdown.c...
compiling lv_animimg.c...
compiling lv_calendar_header_arrow.c...
compiling lv_calendar.c...
compiling lv_list.c...
compiling lv_chart.c...
compiling lv_imgbtn.c...
compiling lv_keyboard.c...
compiling lv_theme_default.c...
..\lvgl\src\extra\themes\default\lv_theme_default.c(213): warning:  #188-D: enumerated type mixed with another type
..\lvgl\src\extra\themes\default\lv_theme_default.c: 1 warning, 0 errors
compiling lv_msgbox.c...
compiling lv_led.c...
compiling lv_colorwheel.c...
compiling lv_spinbox.c...
compiling lv_menu.c...
compiling lv_tabview.c...
compiling lv_extra.c...
compiling lv_meter.c...
compiling lv_span.c...
..\lvgl\src\extra\widgets\span\lv_span.c(901): warning:  #546-D: transfer of control bypasses initialization of:
            variable "align"  (declared at line 905)
              goto Next_line_init;
              ^
..\lvgl\src\extra\widgets\span\lv_span.c: 1 warning, 0 errors
compiling lv_tileview.c...
compiling lv_win.c...
compiling lv_spinner.c...
compiling lv_font_dejavu_16_persian_hebrew.c...
compiling lv_font_montserrat_8.c...
compiling lv_font.c...
compiling lv_font_fmt_txt.c...
..\lvgl\src\font\lv_font_fmt_txt.c(137): warning:  #111-D: statement is unreachable
      return NULL;
..\lvgl\src\font\lv_font_fmt_txt.c: 1 warning, 0 errors
compiling lv_font_montserrat_14.c...
compiling lv_font_montserrat_10.c...
compiling lv_font_montserrat_12.c...
compiling lv_font_montserrat_16.c...
compiling lv_font_montserrat_18.c...
compiling lv_font_loader.c...
compiling lv_font_montserrat_12_subpx.c...
compiling lv_font_montserrat_22.c...
compiling lv_font_montserrat_24.c...
compiling lv_font_montserrat_28_compressed.c...
compiling lv_font_montserrat_30.c...
compiling lv_font_montserrat_26.c...
compiling lv_font_montserrat_28.c...
compiling lv_font_montserrat_20.c...
compiling lv_font_montserrat_36.c...
compiling lv_font_montserrat_38.c...
compiling lv_font_montserrat_34.c...
compiling lv_font_montserrat_32.c...
compiling lv_font_montserrat_40.c...
compiling lv_font_unscii_16.c...
compiling lv_font_montserrat_44.c...
compiling lv_font_montserrat_42.c...
compiling lv_font_unscii_8.c...
compiling lv_font_montserrat_46.c...
compiling lv_font_montserrat_48.c...
compiling lv_font_simsun_16_cjk.c...
compiling lv_hal_tick.c...
compiling lv_hal_indev.c...
compiling lv_anim.c...
compiling lv_anim_timeline.c...
compiling lv_async.c...
compiling lv_area.c...
compiling lv_hal_disp.c...
..\lvgl\src\hal\lv_hal_disp.c(572): warning:  #188-D: enumerated type mixed with another type
      return disp->driver->rotated;
..\lvgl\src\hal\lv_hal_disp.c: 1 warning, 0 errors
compiling lv_ll.c...
compiling lv_gc.c...
compiling lv_bidi.c...
compiling lv_fs.c...
compiling lv_log.c...
compiling lv_lru.c...
..\lvgl\src\misc\lv_lru.c(241): warning:  #68-D: integer conversion resulted in a change of sign
      uint32_t i = 0, min_index = -1;
..\lvgl\src\misc\lv_lru.c(242): warning:  #68-D: integer conversion resulted in a change of sign
      uint64_t min_access_count = -1;
..\lvgl\src\misc\lv_lru.c: 2 warnings, 0 errors
compiling lv_color.c...
compiling lv_templ.c...
compiling lv_math.c...
compiling lv_style_gen.c...
compiling lv_timer.c...
compiling lv_printf.c...
compiling lv_mem.c...
..\lvgl\src\misc\lv_mem.c(325): warning:  #111-D: statement is unreachable
      return NULL;
..\lvgl\src\misc\lv_mem.c: 1 warning, 0 errors
compiling lv_style.c...
..\lvgl\src\misc\lv_style.c(213): warning:  #188-D: enumerated type mixed with another type
      return last_custom_prop_id;
..\lvgl\src\misc\lv_style.c(218): warning:  #188-D: enumerated type mixed with another type
      return last_custom_prop_id - _LV_STYLE_LAST_BUILT_IN_PROP;
..\lvgl\src\misc\lv_style.c(289): warning:  #188-D: enumerated type mixed with another type
      lv_style_set_prop_internal(style, prop | meta, null_style_value, lv_style_set_prop_meta_helper);
..\lvgl\src\misc\lv_style.c: 3 warnings, 0 errors
compiling lv_txt.c...
compiling lv_bar.c...
compiling lv_txt_ap.c...
compiling lv_btn.c...
compiling lv_utils.c...
compiling lv_tlsf.c...
..\lvgl\src\misc\lv_tlsf.c(898): warning:  #68-D: integer conversion resulted in a change of sign
          offset_to_block(pool, -(int)block_header_overhead);
..\lvgl\src\misc\lv_tlsf.c(1000): warning:  #68-D: integer conversion resulted in a change of sign
      block = offset_to_block(mem, -(tlsfptr_t)block_header_overhead);
..\lvgl\src\misc\lv_tlsf.c(1018): warning:  #68-D: integer conversion resulted in a change of sign
      block_header_t * block = offset_to_block(pool, -(int)block_header_overhead);
..\lvgl\src\misc\lv_tlsf.c: 3 warnings, 0 errors
compiling lv_checkbox.c...
compiling lv_arc.c...
compiling lv_dropdown.c...
compiling lv_img.c...
compiling lv_label.c...
compiling lv_line.c...
compiling lv_btnmatrix.c...
compiling lv_objx_templ.c...
compiling lv_canvas.c...
compiling lv_switch.c...
compiling lv_textarea.c...
compiling lv_slider.c...
compiling lv_port_disp.c...
compiling lv_port_fs.c...
compiling lv_table.c...
compiling lv_roller.c...
compiling img_lvgl_logo.c...
compiling img_clothes.c...
compiling lv_port_indev.c...
..\lvgl\porting\lv_port_indev.c(345): warning:  #177-D: function "encoder_handler"  was declared but never referenced
  static void encoder_handler(void)
..\lvgl\porting\lv_port_indev.c: 1 warning, 0 errors
compiling img_demo_widgets_avatar.c...
compiling lv_demo_widgets.c...
..\service\lvgl_demo\widgets\lv_demo_widgets.c(1084): warning:  #188-D: enumerated type mixed with another type
          lv_palette_t palette_secondary = (*palette_primary) + 3; /*Use another palette as secondary*/
..\service\lvgl_demo\widgets\lv_demo_widgets.c(1085): warning:  #188-D: enumerated type mixed with another type
          if(palette_secondary >= _LV_PALETTE_LAST) palette_secondary = 0;
..\service\lvgl_demo\widgets\lv_demo_widgets.c: 2 warnings, 0 errors
compiling hal_lcd.c...
..\service\hal\hal_lcd.c(108): warning:  #177-D: function "BOARD_Touch_Init"  was declared but never referenced
  static void BOARD_Touch_Init(void)
..\service\hal\hal_lcd.c: 1 warning, 0 errors
compiling fsl_ft5406_rt.c...
linking...
Program Size: Code=224996 RO-data=107364 RW-data=1060 ZI-data=322988  
FromELF: creating hex file...
"flexspi_nor_debug\emwin_gui_demo.out" - 0 Error(s), 24 Warning(s).

<h2>Software Packages used:</h2>

Package Vendor: NXP
                http://mcuxpresso.nxp.com/cmsis_pack/repo/NXP.MIMXRT1052_DFP.10.0.1.pack
                NXP.MIMXRT1052_DFP.10.0.1
                Device Family Pack for MIMXRT1052

<h2>Collection of Component include folders:</h2>
  E:\mdk\exe\NXP\MIMXRT1052_DFP\10.0.1

<h2>Collection of Component Files used:</h2>
Build Time Elapsed:  00:00:47
</pre>
</body>
</html>
